PS C:\Users\okamo0180>

PS C:\Users\okamo0180> git --version
git version 2.47.0.windows.2
PS C:\Users\okamo0180>
PS C:\Users\okamo0180>
PS C:\Users\okamo0180> cd C:\Users\okamo0180\Documents  
PS C:\Users\okamo0180\Documents> medir git_tutorial
medir : 用語 'medir' は、コマンドレット、関数、スクリプ
ト ファイル、または操作可能なプログラムの名前として認識
されません。名前が正しく記述されていることを確認し、パ  
スが含まれている場合はそのパスが正しいことを確認してか  
ら、再試行してください。
発生場所 行:1 文字:1
+ medir git_tutorial
+ ~~~~~
    + CategoryInfo          : ObjectNotFound: (medir:S  
   tring) [], CommandNotFoundException
    + FullyQualifiedErrorId : CommandNotFoundException  

PS C:\Users\okamo0180\Documents> mkdir git_tutorial


    ディレクトリ: C:\Users\okamo0180\Documents


Mode                 LastWriteTime         Length Name  
----                 -------------         ------ ----  
d-----        2024/11/09     14:21                git_t


PS C:\Users\okamo0180\Documents> cd git_tutorial
PS C:\Users\okamo0180\Documents\git_tutorial> git init
Initialized empty Git repository in C:/Users/okamo0180/Documents/git_tutorial/.git/
PS C:\Users\okamo0180\Documents\git_tutorial> git add sample.txt
PS C:\Users\okamo0180\Documents\git_tutorial> git commit -m "最初のミット"  
[main (root-commit) a2c5b1f] 最初のミット
 1 file changed, 1 insertion(+)
 create mode 100644 sample.txt
PS C:\Users\okamo0180\Documents\git_tutorial> git status        
On branch main
nothing to commit, working tree clean
PS C:\Users\okamo0180\Documents\git_tutorial> git diff git_tutorial
fatal: ambiguous argument 'git_tutorial': unknown revision or path not in the working tree.
Use '--' to separate paths from revisions, like this:
'git <command> [<revision>...] -- [<file>...]'
PS C:\Users\okamo0180\Documents\git_tutorial> git diff C:\Users\okamo0180\Documents\git_tutorial
PS C:\Users\okamo0180\Documents\git_tutorial> git log
commit a2c5b1f55a159ca02ea8c4acb3c3457b74505ed5 (HEAD -> main)
Author: takuya-okamoto <okamo0180@gmail.com>
Date:   Sat Nov 9 14:28:41 2024 +0900

    最初のミット
PS C:\Users\okamo0180\Documents\git_tutorial> cd C:\Users\okamo0180\Documents
PS C:\Users\okamo0180\Documents> mkdir git_challenge                        
       

    ディレクトリ: C:\Users\okamo0180\Documents


Mode                 LastWriteTime         Length Name
----                 -------------         ------ ----
d-----        2024/11/09     15:22                git_challenge


PS C:\Users\okamo0180\Documents> cd git_challenge                           
PS C:\Users\okamo0180\Documents\git_challenge> git init                     
Initialized empty Git repository in C:/Users/okamo0180/Documents/git_challenge/.git/


PS C:\Users\okamo0180\Documents\git_challenge> git commit -m "Hello,world"  
On branch main

Initial commit

Untracked files:
  (use "git add <file>..." to include in what will be committed)
        Hello,World.txt

nothing added to commit but untracked files present (use "git add" to track)
PS C:\Users\okamo0180\Documents\git_challenge> git add hello,world.txt      
PS C:\Users\okamo0180\Documents\git_challenge> git add hello,world.txt    
PS C:\Users\okamo0180\Documents\git_challenge> git add Hello,World.txt
PS C:\Users\okamo0180\Documents\git_challenge> git commit -m "Hello,world"
[main (root-commit) 054e8c8] Hello,world
 1 file changed, 0 insertions(+), 0 deletions(-)
 create mode 100644 Hello,World.txt
PS C:\Users\okamo0180\Documents\git_challenge> git commit -m "こんにちは、世界"
On branch main
nothing to commit, working tree clean
PS C:\Users\okamo0180\Documents\git_challenge> git commit -m "Hello,world"     
On branch main
nothing to commit, working tree clean
PS C:\Users\okamo0180\Documents\git_challenge> git add Hello,World.txt
PS C:\Users\okamo0180\Documents\git_challenge> git commit -m "Hello,world"
On branch main
nothing to commit, working tree clean
PS C:\Users\okamo0180\Documents\git_challenge> git commit -m "こんにちは、世界"
On branch main
nothing to commit, working tree clean
PS C:\Users\okamo0180\Documents\git_challenge> git log
commit 054e8c8c35181bf97a548f91252fcbc672219f82 (HEAD -> main)
Author: takuya-okamoto <okamo0180@gmail.com>
Date:   Sat Nov 9 15:31:48 2024 +0900

    Hello,world
PS C:\Users\okamo0180\Documents\git_challenge> git commit -m "こんにちは、世界"
On branch main
Changes not staged for commit:
  (use "git add <file>..." to update what will be committed)
  (use "git restore <file>..." to discard changes in working directory)
        modified:   Hello,World.txt

no changes added to commit (use "git add" and/or "git commit -a")
PS C:\Users\okamo0180\Documents\git_challenge> git status
On branch main
Changes not staged for commit:
  (use "git add <file>..." to update what will be committed)
  (use "git restore <file>..." to discard changes in working directory)
        modified:   Hello,World.txt

no changes added to commit (use "git add" and/or "git commit -a")
PS C:\Users\okamo0180\Documents\git_challenge> git log
commit 054e8c8c35181bf97a548f91252fcbc672219f82 (HEAD -> main)
Author: takuya-okamoto <okamo0180@gmail.com>
Date:   Sat Nov 9 15:31:48 2024 +0900

    Hello,world
PS C:\Users\okamo0180\Documents\git_challenge> git commit -m "こんにちは、世界"
On branch main
Changes not staged for commit:
  (use "git add <file>..." to update what will be committed)
  (use "git restore <file>..." to discard changes in working directory)
        modified:   Hello,World.txt

no changes added to commit (use "git add" and/or "git commit -a")
PS C:\Users\okamo0180\Documents\git_challenge> git add Hello,World.txt    
PS C:\Users\okamo0180\Documents\git_challenge> git commit -m "こんにちは、世界"
[main eb48a22] こんにちは、世界
 1 file changed, 2 insertions(+)
PS C:\Users\okamo0180\Documents\git_challenge> git log   
commit eb48a22b5a89881cc56dcff910933921f80ae2b9 (HEAD -> main)
commit eb48a22b5a89881cc56dcff910933921f80ae2b9 (HEAD -> main)
commit eb48a22b5a89881cc56dcff910933921f80ae2b9 (HEAD -> main)
Author: takuya-okamoto <okamo0180@gmail.com>
Author: takuya-okamoto <okamo0180@gmail.com>
Author: takuya-okamoto <okamo0180@gmail.com>
commit eb48a22b5a89881cc56dcff910933921f80ae2b9 (HEAD -> main)
Author: takuya-okamoto <okamo0180@gmail.com>
Author: takuya-okamoto <okamo0180@gmail.com>
commit eb48a22b5a89881cc56dcff910933921f80ae2b9 (HEAD -> main)
Author: takuya-okamoto <okamo0180@gmail.com>
Date:   Sat Nov 9 15:38:10 2024 +0900

    こんにちは、世界

commit 054e8c8c35181bf97a548f91252fcbc672219f82
Author: takuya-okamoto <okamo0180@gmail.com>
Date:   Sat Nov 9 15:31:48 2024 +0900

    Hello,world
(END)